// Jest Snapshot v1, https://goo.gl/fbAQLP

exports[`pruebas GrifGridItem debe mostrar el componente correctamente  1`] = `
<div
  className="card animate__shakeX"
>
  <img />
  <p>
            
  </p>
</div>
`;
